exports[`Display Display renders correctly 1`] = `
<div
  className="count">
  Current count: 
  22
</div>
`;
